// Jest Snapshot v1, https://goo.gl/fbAQLP

exports[`src/components/Movies should render Movies component correctly 1`] = `
<div>
  <main
    class="movies"
    id="movies-grid"
  >
    <div
      class="mocked-movie"
    />
    <div
      class="mocked-movie"
    />
  </main>
</div>
`;
